[windexchange.energy.gov/projects/community-benefit-agreements.html]
[backblue.gif]
[fade.gif]
[index.html]
[windexchange.energy.gov/projects/community.html]
[windexchange.energy.gov/projects/economics.html]
[windexchange.energy.gov/projects/equity.html]
[windexchange.energy.gov/projects/site-selection.html]
[windexchange.energy.gov/projects/wildlife.html]
[windexchange.energy.gov/projects/incentives.html]
[windexchange.energy.gov/projects/economic-tools.html]
[windexchange.energy.gov/projects/economic-impacts.html]
[windexchange.energy.gov/projects/tax-credits.html]
[windexchange.energy.gov/projects/community-benefit-agreements/community-benefit-agreements1fd1.csv]
[windexchange.energy.gov/projects/community-benefit-agreements4568.html]
[windexchange.energy.gov/projects/community-benefit-agreements33aa.html]
[windexchange.energy.gov/projects/community-benefit-agreementsae6b.html]
[windexchange.energy.gov/projects/community-benefit-agreementsb996.html]
[windexchange.energy.gov/projects/community-benefit-agreementseade.html]
[windexchange.energy.gov/projects/community-benefit-agreementsea1c.html]
[windexchange.energy.gov/projects/community-benefit-agreements3e4d.html]
[windexchange.energy.gov/projects/community-benefit-agreements4e90.html]
[windexchange.energy.gov/projects/community-benefit-agreementsc67e.html]
[windexchange.energy.gov/projects/community-benefit-agreements2728.html]
[windexchange.energy.gov/projects/community-benefit-agreementsadbc.html]
[windexchange.energy.gov/projects/community-benefit-agreements3c6f.html]
[windexchange.energy.gov/projects/community-benefit-agreements2580.html]
[windexchange.energy.gov/projects/community-benefit-agreementsec28.html]
[windexchange.energy.gov/projects/community-benefit-agreements2497.html]
[windexchange.energy.gov/projects/community-benefit-agreements4a77.html]
[windexchange.energy.gov/projects/community-benefit-agreements9d6c.html]
[windexchange.energy.gov/projects/community-benefit-agreementsae0c.html]
[windexchange.energy.gov/projects/community-benefit-agreementscdef.html]
[windexchange.energy.gov/projects/community-benefit-agreements2679.html]
[windexchange.energy.gov/projects/community-benefit-agreements4658.html]
[windexchange.energy.gov/projects/community-benefit-agreements9ba9.html]
[windexchange.energy.gov/projects/community-benefit-agreementsfdb0.html]
[windexchange.energy.gov/projects/community-benefit-agreementsaf4d.html]
[windexchange.energy.gov/projects/community-benefit-agreements.html]
[windexchange.energy.gov/projects/community-benefit-agreementsb385.html]
[windexchange.energy.gov/projects/safety.html]
[windexchange.energy.gov/projects/sound.html]
[windexchange.energy.gov/projects/property-values.html]
[windexchange.energy.gov/projects/shadow-flicker.html]
[windexchange.energy.gov/projects/radar-interference.html]
[windexchange.energy.gov/projects/viewshed.html]
[windexchange.energy.gov/projects/community.html]
[windexchange.energy.gov/projects/economics.html]
[windexchange.energy.gov/projects/ordinances.html]
[windexchange.energy.gov/projects/equity.html]
[windexchange.energy.gov/projects/equity-map.html]
[windexchange.energy.gov/projects/permitting.html]
[windexchange.energy.gov/projects/site-selection.html]
[windexchange.energy.gov/projects/public-lands.html]
[windexchange.energy.gov/projects/bats.html]
[windexchange.energy.gov/projects/birds.html]
[windexchange.energy.gov/projects/wildlife.html]
[windexchange.energy.gov/projects/incentives.html]
[windexchange.energy.gov/projects/marine-mammals.html]
[windexchange.energy.gov/projects/economic-tools.html]
[windexchange.energy.gov/projects/economic-impacts.html]
[windexchange.energy.gov/projects/tax-credits.html]
[windexchange.energy.gov/projects/jedi.html]
[windexchange.energy.gov/projects/community-benefit-agreements179a.html]
[windexchange.energy.gov/projects/community-benefit-agreementsf527.html]
[windexchange.energy.gov/projects/community-benefit-agreements681a.html]
[windexchange.energy.gov/projects/community-benefit-agreements0b30.html]
[windexchange.energy.gov/projects/community-benefit-agreementsd708.html]
[windexchange.energy.gov/projects/community-benefit-agreementsdcfd.html]
[windexchange.energy.gov/projects/community-benefit-agreementsd61c.html]
[windexchange.energy.gov/projects/community-benefit-agreements3a9f.html]
[windexchange.energy.gov/projects/community-benefit-agreements8803.html]
[windexchange.energy.gov/projects/community-benefit-agreementsc3c9.html]
[windexchange.energy.gov/projects/community-benefit-agreements5255.html]
[windexchange.energy.gov/projects/community-benefit-agreementsf41b.html]
[windexchange.energy.gov/projects/community-benefit-agreements3552.html]
[windexchange.energy.gov/projects/community-benefit-agreements92af.html]
[windexchange.energy.gov/projects/community-benefit-agreements97ec.html]
[windexchange.energy.gov/projects/community-benefit-agreements878f.html]
[windexchange.energy.gov/projects/community-benefit-agreements816a.html]
[windexchange.energy.gov/projects/community-benefit-agreements4568.html]
[windexchange.energy.gov/projects/community-benefit-agreementsc839.html]
[windexchange.energy.gov/projects/community-benefit-agreements7d36.html]
[windexchange.energy.gov/projects/community-benefit-agreements4944.html]
[windexchange.energy.gov/projects/community-benefit-agreements8f26.html]
[windexchange.energy.gov/projects/community-benefit-agreements0641.html]
[windexchange.energy.gov/projects/community-benefit-agreements6d44.html]
[windexchange.energy.gov/projects/community-benefit-agreementsa7a0.html]
[windexchange.energy.gov/projects/community-benefit-agreements4325.html]
[windexchange.energy.gov/projects/community-benefit-agreements3773.html]
[windexchange.energy.gov/projects/community-benefit-agreements2372.html]
[windexchange.energy.gov/projects/community-benefit-agreements8c3c.html]
[windexchange.energy.gov/projects/community-benefit-agreements03ef.html]
[windexchange.energy.gov/projects/community-benefit-agreementsfc6b.html]
[windexchange.energy.gov/projects/community-benefit-agreementsa7e4.html]
[windexchange.energy.gov/projects/community-benefit-agreements0953.html]
[windexchange.energy.gov/projects/community-benefit-agreements3e0a.html]
[windexchange.energy.gov/projects/community-benefit-agreements33aa.html]
[windexchange.energy.gov/projects/community-benefit-agreements6334.html]
[windexchange.energy.gov/projects/community-benefit-agreements81f1.html]
[windexchange.energy.gov/projects/community-benefit-agreements79ee.html]
[windexchange.energy.gov/projects/community-benefit-agreements0d10.html]
[windexchange.energy.gov/projects/community-benefit-agreements097d.html]
[windexchange.energy.gov/projects/community-benefit-agreementsdc59.html]
[windexchange.energy.gov/projects/community-benefit-agreementsdac1.html]
[windexchange.energy.gov/projects/community-benefit-agreements56c2.html]
[windexchange.energy.gov/projects/community-benefit-agreements374c.html]
[windexchange.energy.gov/projects/community-benefit-agreementsab99.html]
[windexchange.energy.gov/projects/community-benefit-agreements7dda.html]
[windexchange.energy.gov/projects/community-benefit-agreements051b.html]
[windexchange.energy.gov/projects/community-benefit-agreements0535.html]
[windexchange.energy.gov/projects/community-benefit-agreements1d32.html]
[windexchange.energy.gov/projects/community-benefit-agreements1055.html]
[windexchange.energy.gov/projects/community-benefit-agreementsae6b.html]
[windexchange.energy.gov/projects/community-benefit-agreements96f2.html]
[windexchange.energy.gov/projects/community-benefit-agreements0a14.html]
[windexchange.energy.gov/projects/community-benefit-agreements0055.html]
[windexchange.energy.gov/projects/community-benefit-agreements8bcf.html]
[windexchange.energy.gov/projects/community-benefit-agreementsef73.html]
[windexchange.energy.gov/projects/community-benefit-agreements6e03.html]
[windexchange.energy.gov/projects/community-benefit-agreements55c6.html]
[windexchange.energy.gov/projects/community-benefit-agreementsae61.html]
[windexchange.energy.gov/projects/community-benefit-agreementsf633.html]
[windexchange.energy.gov/projects/community-benefit-agreementsc0ca.html]
[windexchange.energy.gov/projects/community-benefit-agreements229e.html]
[windexchange.energy.gov/projects/community-benefit-agreementsb996.html]
[windexchange.energy.gov/projects/community-benefit-agreementse15e.html]
[windexchange.energy.gov/projects/community-benefit-agreementsda6e.html]
[windexchange.energy.gov/projects/community-benefit-agreementse27e.html]
[windexchange.energy.gov/projects/community-benefit-agreements23df.html]
[windexchange.energy.gov/projects/community-benefit-agreements7df0.html]
[windexchange.energy.gov/projects/community-benefit-agreementsf8d4.html]
[windexchange.energy.gov/projects/community-benefit-agreements6fb5.html]
[windexchange.energy.gov/projects/community-benefit-agreements4ef9.html]
[windexchange.energy.gov/projects/community-benefit-agreements6258.html]
[windexchange.energy.gov/projects/community-benefit-agreements3162.html]
[windexchange.energy.gov/projects/community-benefit-agreementsbc58.html]
[windexchange.energy.gov/projects/community-benefit-agreements0c84.html]
[windexchange.energy.gov/projects/community-benefit-agreementsb708.html]
[windexchange.energy.gov/projects/community-benefit-agreementsee98.html]
[windexchange.energy.gov/projects/community-benefit-agreementsa09d.html]
[windexchange.energy.gov/projects/community-benefit-agreementsd902.html]
[windexchange.energy.gov/projects/community-benefit-agreementseade.html]
[windexchange.energy.gov/projects/community-benefit-agreementsf77c.html]
[windexchange.energy.gov/projects/community-benefit-agreements577b.html]
[windexchange.energy.gov/projects/community-benefit-agreementsfb56.html]
[windexchange.energy.gov/projects/community-benefit-agreementscf71.html]
[windexchange.energy.gov/projects/community-benefit-agreements4d09.html]
[windexchange.energy.gov/projects/community-benefit-agreements203e.html]
[windexchange.energy.gov/projects/community-benefit-agreementsa97c.html]
[windexchange.energy.gov/projects/community-benefit-agreementsea1c.html]
[windexchange.energy.gov/projects/community-benefit-agreements3612.html]
[windexchange.energy.gov/projects/community-benefit-agreementsc8d8.html]
[windexchange.energy.gov/projects/community-benefit-agreements2e37.html]
[windexchange.energy.gov/projects/community-benefit-agreements5717.html]
[windexchange.energy.gov/projects/community-benefit-agreementsb567.html]
[windexchange.energy.gov/projects/community-benefit-agreements1d69.html]
[windexchange.energy.gov/projects/community-benefit-agreements3d04.html]
[windexchange.energy.gov/projects/community-benefit-agreements714f.html]
[windexchange.energy.gov/projects/community-benefit-agreements03db.html]
[windexchange.energy.gov/projects/community-benefit-agreements5384.html]
[windexchange.energy.gov/projects/community-benefit-agreementsdf0b.html]
[windexchange.energy.gov/projects/community-benefit-agreements66b5.html]
[windexchange.energy.gov/projects/community-benefit-agreementsf386.html]
[windexchange.energy.gov/projects/community-benefit-agreementsabd0.html]
[windexchange.energy.gov/projects/community-benefit-agreements9246.html]
[windexchange.energy.gov/projects/community-benefit-agreementsaaec.html]
[windexchange.energy.gov/projects/community-benefit-agreements3e4d.html]
[windexchange.energy.gov/projects/community-benefit-agreements3de9.html]
[windexchange.energy.gov/projects/community-benefit-agreements1a78.html]
[windexchange.energy.gov/projects/community-benefit-agreementsa46b.html]
[windexchange.energy.gov/projects/community-benefit-agreements142d.html]
[windexchange.energy.gov/projects/community-benefit-agreementsd77d.html]
[windexchange.energy.gov/projects/community-benefit-agreementsa2e2.html]
[windexchange.energy.gov/projects/community-benefit-agreementsbe46.html]
[windexchange.energy.gov/projects/community-benefit-agreements4e90.html]
[windexchange.energy.gov/projects/community-benefit-agreements0160.html]
[windexchange.energy.gov/projects/community-benefit-agreementsf882.html]
[windexchange.energy.gov/projects/community-benefit-agreements7e46.html]
[windexchange.energy.gov/projects/community-benefit-agreements889a.html]
[windexchange.energy.gov/projects/community-benefit-agreements8431.html]
[windexchange.energy.gov/projects/community-benefit-agreements024a.html]
[windexchange.energy.gov/projects/community-benefit-agreements7845.html]
[windexchange.energy.gov/projects/community-benefit-agreements4893.html]
[windexchange.energy.gov/projects/community-benefit-agreementsa9e4.html]
[windexchange.energy.gov/projects/community-benefit-agreementsa916.html]
[windexchange.energy.gov/projects/community-benefit-agreements0d7d.html]
[windexchange.energy.gov/projects/community-benefit-agreements0ce1.html]
[windexchange.energy.gov/projects/community-benefit-agreementsaddf.html]
[windexchange.energy.gov/projects/community-benefit-agreements405e.html]
[windexchange.energy.gov/projects/community-benefit-agreements474f.html]
[windexchange.energy.gov/projects/community-benefit-agreements5a9d.html]
[windexchange.energy.gov/projects/community-benefit-agreementscc70.html]
[windexchange.energy.gov/projects/community-benefit-agreementsc67e.html]
[windexchange.energy.gov/projects/community-benefit-agreements172d.html]
[windexchange.energy.gov/projects/community-benefit-agreements/community-benefit-agreementsd212.csv]
[windexchange.energy.gov/projects/community-benefit-agreements45ff.html]
[windexchange.energy.gov/projects/community-benefit-agreementsf373.html]
[windexchange.energy.gov/projects/community-benefit-agreements6ef8.html]
[windexchange.energy.gov/projects/community-benefit-agreements33c1.html]
[windexchange.energy.gov/projects/community-benefit-agreements639a.html]
[windexchange.energy.gov/projects/community-benefit-agreements6f30.html]
[windexchange.energy.gov/projects/community-benefit-agreementsdbff.html]
[windexchange.energy.gov/projects/community-benefit-agreements4f24.html]
[windexchange.energy.gov/projects/community-benefit-agreements25b7.html]
[windexchange.energy.gov/projects/community-benefit-agreements2728.html]
[windexchange.energy.gov/projects/community-benefit-agreements81ce.html]
[windexchange.energy.gov/projects/community-benefit-agreements/community-benefit-agreements5469.csv]
[windexchange.energy.gov/projects/community-benefit-agreements4996.html]
[windexchange.energy.gov/projects/community-benefit-agreementsc890.html]
[windexchange.energy.gov/projects/community-benefit-agreements80ce.html]
[windexchange.energy.gov/projects/community-benefit-agreements6752.html]
[windexchange.energy.gov/projects/community-benefit-agreementsbfed.html]
[windexchange.energy.gov/projects/community-benefit-agreements6314.html]
[windexchange.energy.gov/projects/community-benefit-agreementsc414.html]
[windexchange.energy.gov/projects/community-benefit-agreementsffd7.html]
[windexchange.energy.gov/projects/community-benefit-agreements9322.html]
[windexchange.energy.gov/projects/community-benefit-agreementsadbc.html]
[windexchange.energy.gov/projects/community-benefit-agreements0c33.html]
[windexchange.energy.gov/projects/community-benefit-agreements/community-benefit-agreementsdac7.csv]
[windexchange.energy.gov/projects/community-benefit-agreementsec14.html]
[windexchange.energy.gov/projects/community-benefit-agreements7a15.html]
[windexchange.energy.gov/projects/community-benefit-agreementsaeb3.html]
[windexchange.energy.gov/projects/community-benefit-agreements08cc.html]
[windexchange.energy.gov/projects/community-benefit-agreementsf0b8.html]
[windexchange.energy.gov/projects/community-benefit-agreementsb4ec.html]
[windexchange.energy.gov/projects/community-benefit-agreements3819.html]
[windexchange.energy.gov/projects/community-benefit-agreements66de.html]
[windexchange.energy.gov/projects/community-benefit-agreementsaacd.html]
[windexchange.energy.gov/projects/community-benefit-agreements3c6f.html]
[windexchange.energy.gov/projects/community-benefit-agreements8fd1.html]
[windexchange.energy.gov/projects/community-benefit-agreements/community-benefit-agreementsc227.csv]
[windexchange.energy.gov/projects/community-benefit-agreements08c4.html]
[windexchange.energy.gov/projects/community-benefit-agreementscd54.html]
[windexchange.energy.gov/projects/community-benefit-agreementsbad4.html]
[windexchange.energy.gov/projects/community-benefit-agreementsaa6c.html]
[windexchange.energy.gov/projects/community-benefit-agreementse144.html]
[windexchange.energy.gov/projects/community-benefit-agreements3b44.html]
[windexchange.energy.gov/projects/community-benefit-agreements2fee.html]
[windexchange.energy.gov/projects/community-benefit-agreements2594.html]
[windexchange.energy.gov/projects/community-benefit-agreements3355.html]
[windexchange.energy.gov/projects/community-benefit-agreements2580.html]
[windexchange.energy.gov/projects/community-benefit-agreements01c2.html]
[windexchange.energy.gov/projects/community-benefit-agreements/community-benefit-agreements1975.csv]
[windexchange.energy.gov/projects/community-benefit-agreements0d8d.html]
[windexchange.energy.gov/projects/community-benefit-agreementse813.html]
[windexchange.energy.gov/projects/community-benefit-agreementsbfae.html]
[windexchange.energy.gov/projects/community-benefit-agreementse2c6.html]
[windexchange.energy.gov/projects/community-benefit-agreementsfa2c.html]
[windexchange.energy.gov/projects/community-benefit-agreements67b1.html]
[windexchange.energy.gov/projects/community-benefit-agreementsd9d5.html]
[windexchange.energy.gov/projects/community-benefit-agreements7bb7.html]
[windexchange.energy.gov/projects/community-benefit-agreementsc64b.html]
[windexchange.energy.gov/projects/community-benefit-agreementsec28.html]
[windexchange.energy.gov/projects/community-benefit-agreements6d6f.html]
[windexchange.energy.gov/projects/community-benefit-agreements/community-benefit-agreementsd364.csv]
[windexchange.energy.gov/projects/community-benefit-agreements59f5.html]
[windexchange.energy.gov/projects/community-benefit-agreements30c4.html]
[windexchange.energy.gov/projects/community-benefit-agreements6bdd.html]
[windexchange.energy.gov/projects/community-benefit-agreements8955.html]
[windexchange.energy.gov/projects/community-benefit-agreements0bca.html]
[windexchange.energy.gov/projects/community-benefit-agreements8bbb.html]
[windexchange.energy.gov/projects/community-benefit-agreements4d24.html]
[windexchange.energy.gov/projects/community-benefit-agreementsd780.html]
[windexchange.energy.gov/projects/community-benefit-agreements2b80.html]
[windexchange.energy.gov/projects/community-benefit-agreements2497.html]
[windexchange.energy.gov/projects/community-benefit-agreements/community-benefit-agreementsba12.csv]
[windexchange.energy.gov/projects/community-benefit-agreementsc8f0.html]
[windexchange.energy.gov/projects/community-benefit-agreementsd4e2.html]
[windexchange.energy.gov/projects/community-benefit-agreements5fac.html]
[windexchange.energy.gov/projects/community-benefit-agreements45df.html]
[windexchange.energy.gov/projects/community-benefit-agreements5022.html]
[windexchange.energy.gov/projects/community-benefit-agreements5ac8.html]
[windexchange.energy.gov/projects/community-benefit-agreements2ff6.html]
[windexchange.energy.gov/projects/community-benefit-agreementseaa0.html]
[windexchange.energy.gov/projects/community-benefit-agreements17da.html]
[windexchange.energy.gov/projects/community-benefit-agreementse2f2.html]
[windexchange.energy.gov/projects/community-benefit-agreements4a77.html]
[windexchange.energy.gov/projects/community-benefit-agreementsbb31.html]
[windexchange.energy.gov/projects/community-benefit-agreements/community-benefit-agreements71ca.csv]
[windexchange.energy.gov/projects/community-benefit-agreementseba9.html]
[windexchange.energy.gov/projects/community-benefit-agreementsbd35.html]
[windexchange.energy.gov/projects/community-benefit-agreements18e7.html]
[windexchange.energy.gov/projects/community-benefit-agreements83f1.html]
[windexchange.energy.gov/projects/community-benefit-agreements11c7.html]
[windexchange.energy.gov/projects/community-benefit-agreements68d2.html]
[windexchange.energy.gov/projects/community-benefit-agreements6f4f.html]
[windexchange.energy.gov/projects/community-benefit-agreements0777.html]
[windexchange.energy.gov/projects/community-benefit-agreements87a4.html]
[windexchange.energy.gov/projects/community-benefit-agreements9d6c.html]
[windexchange.energy.gov/projects/community-benefit-agreements9777.html]
[windexchange.energy.gov/projects/community-benefit-agreements/community-benefit-agreements788a.csv]
[windexchange.energy.gov/projects/community-benefit-agreements6a47.html]
[windexchange.energy.gov/projects/community-benefit-agreements6f4b.html]
[windexchange.energy.gov/projects/community-benefit-agreements6d5b.html]
[windexchange.energy.gov/projects/community-benefit-agreements7b19.html]
[windexchange.energy.gov/projects/community-benefit-agreements0af1.html]
[windexchange.energy.gov/projects/community-benefit-agreementsd49d.html]
[windexchange.energy.gov/projects/community-benefit-agreements4f44.html]
[windexchange.energy.gov/projects/community-benefit-agreements8dfb.html]
[windexchange.energy.gov/projects/community-benefit-agreementse4b9.html]
[windexchange.energy.gov/projects/community-benefit-agreementsae0c.html]
[windexchange.energy.gov/projects/community-benefit-agreements97b9.html]
[windexchange.energy.gov/projects/community-benefit-agreements/community-benefit-agreementsa3d6.csv]
[windexchange.energy.gov/projects/community-benefit-agreements2e23.html]
[windexchange.energy.gov/projects/community-benefit-agreements09cc.html]
[windexchange.energy.gov/projects/community-benefit-agreements3cb4.html]
[windexchange.energy.gov/projects/community-benefit-agreementsb8ba.html]
[windexchange.energy.gov/projects/community-benefit-agreements3ca1.html]
[windexchange.energy.gov/projects/community-benefit-agreementse71e.html]
[windexchange.energy.gov/projects/community-benefit-agreements1bbd.html]
[windexchange.energy.gov/projects/community-benefit-agreementsdd4a.html]
[windexchange.energy.gov/projects/community-benefit-agreements371d.html]
[windexchange.energy.gov/projects/community-benefit-agreementscdef.html]
[windexchange.energy.gov/projects/community-benefit-agreements2679.html]
[windexchange.energy.gov/projects/community-benefit-agreements203c.html]
[windexchange.energy.gov/projects/community-benefit-agreements3ca5.html]
[windexchange.energy.gov/projects/community-benefit-agreements4d23.html]
[windexchange.energy.gov/projects/community-benefit-agreements1258.html]
[windexchange.energy.gov/projects/community-benefit-agreementsb4d1.html]
[windexchange.energy.gov/projects/community-benefit-agreements0445.html]
[windexchange.energy.gov/projects/community-benefit-agreements97d4.html]
[windexchange.energy.gov/projects/community-benefit-agreementsb4cd.html]
[windexchange.energy.gov/projects/community-benefit-agreementscd1a.html]
[windexchange.energy.gov/projects/community-benefit-agreements4658.html]
[windexchange.energy.gov/projects/community-benefit-agreementsc575.html]
[windexchange.energy.gov/projects/community-benefit-agreementsa9bc.html]
[windexchange.energy.gov/projects/community-benefit-agreements2e5f.html]
[windexchange.energy.gov/projects/community-benefit-agreements9c8a.html]
[windexchange.energy.gov/projects/community-benefit-agreements1434.html]
[windexchange.energy.gov/projects/community-benefit-agreements98dc.html]
[windexchange.energy.gov/projects/community-benefit-agreements0c98.html]
[windexchange.energy.gov/projects/community-benefit-agreements9421.html]
[windexchange.energy.gov/projects/community-benefit-agreements1398.html]
[windexchange.energy.gov/projects/community-benefit-agreements8aa8.html]
[windexchange.energy.gov/projects/community-benefit-agreements9ba9.html]
[windexchange.energy.gov/projects/community-benefit-agreements235c.html]
[windexchange.energy.gov/projects/community-benefit-agreementsb182.html]
[windexchange.energy.gov/projects/community-benefit-agreements4c30.html]
[windexchange.energy.gov/projects/community-benefit-agreements64d0.html]
[windexchange.energy.gov/projects/community-benefit-agreementsa6dd.html]
[windexchange.energy.gov/projects/community-benefit-agreementsdbc3.html]
[windexchange.energy.gov/projects/community-benefit-agreementsc0c1.html]
[windexchange.energy.gov/projects/community-benefit-agreementsf52a.html]
[windexchange.energy.gov/projects/community-benefit-agreements6825.html]
[windexchange.energy.gov/projects/community-benefit-agreements9e43.html]
[windexchange.energy.gov/projects/community-benefit-agreementsfdb0.html]
[windexchange.energy.gov/projects/community-benefit-agreementsfdfa.html]
[windexchange.energy.gov/projects/community-benefit-agreements02b6.html]
[windexchange.energy.gov/projects/community-benefit-agreementsdc6c.html]
[windexchange.energy.gov/projects/community-benefit-agreements651a.html]
[windexchange.energy.gov/projects/community-benefit-agreements67d3.html]
[windexchange.energy.gov/projects/community-benefit-agreementse8ec.html]
[windexchange.energy.gov/projects/community-benefit-agreements0468.html]
[windexchange.energy.gov/projects/community-benefit-agreementsa262.html]
[windexchange.energy.gov/projects/community-benefit-agreements015d.html]
[windexchange.energy.gov/projects/community-benefit-agreementsc0fa.html]
[windexchange.energy.gov/projects/community-benefit-agreementsaf4d.html]
[windexchange.energy.gov/projects/community-benefit-agreements0b08.html]
[windexchange.energy.gov/projects/community-benefit-agreements219f.html]
[windexchange.energy.gov/projects/community-benefit-agreements19d2.html]
[windexchange.energy.gov/projects/community-benefit-agreements2459.html]
[windexchange.energy.gov/projects/community-benefit-agreementsb385.html]
[windexchange.energy.gov/projects/safety.html]
[windexchange.energy.gov/projects/sound.html]
[windexchange.energy.gov/projects/property-values.html]
[windexchange.energy.gov/projects/shadow-flicker.html]
[windexchange.energy.gov/projects/radar-interference.html]
[windexchange.energy.gov/projects/viewshed.html]
[windexchange.energy.gov/projects/ordinances.html]
[windexchange.energy.gov/projects/equity-map.html]
[windexchange.energy.gov/projects/permitting.html]
[windexchange.energy.gov/projects/public-lands.html]
[windexchange.energy.gov/projects/bats.html]
[windexchange.energy.gov/projects/birds.html]
[windexchange.energy.gov/projects/marine-mammals.html]
[windexchange.energy.gov/projects/jedi.html]
[windexchange.energy.gov/projects/community-benefit-agreements179a.html]
[windexchange.energy.gov/projects/community-benefit-agreementsf527.html]
[windexchange.energy.gov/projects/community-benefit-agreements681a.html]
[windexchange.energy.gov/projects/community-benefit-agreements0b30.html]
[windexchange.energy.gov/projects/community-benefit-agreementsd708.html]
[windexchange.energy.gov/projects/community-benefit-agreementsdcfd.html]
[windexchange.energy.gov/projects/community-benefit-agreementsd61c.html]
[windexchange.energy.gov/projects/community-benefit-agreements3a9f.html]
[windexchange.energy.gov/projects/community-benefit-agreements8803.html]
[windexchange.energy.gov/projects/community-benefit-agreementsc3c9.html]
[windexchange.energy.gov/projects/community-benefit-agreements5255.html]
[windexchange.energy.gov/projects/community-benefit-agreementsf41b.html]
[windexchange.energy.gov/projects/community-benefit-agreements3552.html]
[windexchange.energy.gov/projects/community-benefit-agreements92af.html]
[windexchange.energy.gov/projects/community-benefit-agreements97ec.html]
[windexchange.energy.gov/projects/community-benefit-agreements878f.html]
[windexchange.energy.gov/projects/community-benefit-agreements816a.html]
[windexchange.energy.gov/projects/community-benefit-agreementsc839.html]
[windexchange.energy.gov/projects/community-benefit-agreements7d36.html]
[windexchange.energy.gov/projects/community-benefit-agreements4944.html]
[windexchange.energy.gov/projects/community-benefit-agreements8f26.html]
[windexchange.energy.gov/projects/community-benefit-agreements0641.html]
[windexchange.energy.gov/projects/community-benefit-agreements6d44.html]
[windexchange.energy.gov/projects/community-benefit-agreementsa7a0.html]
[windexchange.energy.gov/projects/community-benefit-agreements4325.html]
[windexchange.energy.gov/projects/community-benefit-agreements3773.html]
[windexchange.energy.gov/projects/community-benefit-agreements2372.html]
[windexchange.energy.gov/projects/community-benefit-agreements8c3c.html]
[windexchange.energy.gov/projects/community-benefit-agreements03ef.html]
[windexchange.energy.gov/projects/community-benefit-agreementsfc6b.html]
[windexchange.energy.gov/projects/community-benefit-agreementsa7e4.html]
[windexchange.energy.gov/projects/community-benefit-agreements0953.html]
[windexchange.energy.gov/projects/community-benefit-agreements3e0a.html]
[windexchange.energy.gov/projects/community-benefit-agreements6334.html]
[windexchange.energy.gov/projects/community-benefit-agreements81f1.html]
[windexchange.energy.gov/projects/community-benefit-agreements79ee.html]
[windexchange.energy.gov/projects/community-benefit-agreements0d10.html]
[windexchange.energy.gov/projects/community-benefit-agreements097d.html]
[windexchange.energy.gov/projects/community-benefit-agreementsdc59.html]
[windexchange.energy.gov/projects/community-benefit-agreementsdac1.html]
[windexchange.energy.gov/projects/community-benefit-agreements56c2.html]
[windexchange.energy.gov/projects/community-benefit-agreements374c.html]
[windexchange.energy.gov/projects/community-benefit-agreementsab99.html]
[windexchange.energy.gov/projects/community-benefit-agreements7dda.html]
[windexchange.energy.gov/projects/community-benefit-agreements051b.html]
[windexchange.energy.gov/projects/community-benefit-agreements0535.html]
[windexchange.energy.gov/projects/community-benefit-agreements1d32.html]
[windexchange.energy.gov/projects/community-benefit-agreements1055.html]
[windexchange.energy.gov/projects/community-benefit-agreements96f2.html]
[windexchange.energy.gov/projects/community-benefit-agreements0a14.html]
[windexchange.energy.gov/projects/community-benefit-agreements0055.html]
[windexchange.energy.gov/projects/community-benefit-agreements8bcf.html]
[windexchange.energy.gov/projects/community-benefit-agreementsef73.html]
[windexchange.energy.gov/projects/community-benefit-agreements6e03.html]
[windexchange.energy.gov/projects/community-benefit-agreements55c6.html]
[windexchange.energy.gov/projects/community-benefit-agreementsae61.html]
[windexchange.energy.gov/projects/community-benefit-agreementsf633.html]
[windexchange.energy.gov/projects/community-benefit-agreementsc0ca.html]
[windexchange.energy.gov/projects/community-benefit-agreements229e.html]
[windexchange.energy.gov/projects/community-benefit-agreementse15e.html]
[windexchange.energy.gov/projects/community-benefit-agreementsda6e.html]
[windexchange.energy.gov/projects/community-benefit-agreementse27e.html]
[windexchange.energy.gov/projects/community-benefit-agreements23df.html]
[windexchange.energy.gov/projects/community-benefit-agreements7df0.html]
[windexchange.energy.gov/projects/community-benefit-agreementsf8d4.html]
[windexchange.energy.gov/projects/community-benefit-agreements6fb5.html]
[windexchange.energy.gov/projects/community-benefit-agreements4ef9.html]
[windexchange.energy.gov/projects/community-benefit-agreements6258.html]
[windexchange.energy.gov/projects/community-benefit-agreements3162.html]
[windexchange.energy.gov/projects/community-benefit-agreementsbc58.html]
[windexchange.energy.gov/projects/community-benefit-agreements0c84.html]
[windexchange.energy.gov/projects/community-benefit-agreementsb708.html]
[windexchange.energy.gov/projects/community-benefit-agreementsee98.html]
[windexchange.energy.gov/projects/community-benefit-agreementsa09d.html]
[windexchange.energy.gov/projects/community-benefit-agreementsd902.html]
[windexchange.energy.gov/projects/community-benefit-agreementsf77c.html]
[windexchange.energy.gov/projects/community-benefit-agreements577b.html]
[windexchange.energy.gov/projects/community-benefit-agreementsfb56.html]
[windexchange.energy.gov/projects/community-benefit-agreementscf71.html]
[windexchange.energy.gov/projects/community-benefit-agreements4d09.html]
[windexchange.energy.gov/projects/community-benefit-agreements203e.html]
[windexchange.energy.gov/projects/community-benefit-agreementsa97c.html]
[windexchange.energy.gov/projects/community-benefit-agreements3612.html]
[windexchange.energy.gov/projects/community-benefit-agreementsc8d8.html]
[windexchange.energy.gov/projects/community-benefit-agreements2e37.html]
[windexchange.energy.gov/projects/community-benefit-agreements5717.html]
[windexchange.energy.gov/projects/community-benefit-agreementsb567.html]
[windexchange.energy.gov/projects/community-benefit-agreements1d69.html]
[windexchange.energy.gov/projects/community-benefit-agreements3d04.html]
[windexchange.energy.gov/projects/community-benefit-agreements714f.html]
[windexchange.energy.gov/projects/community-benefit-agreements03db.html]
[windexchange.energy.gov/projects/community-benefit-agreements5384.html]
[windexchange.energy.gov/projects/community-benefit-agreementsdf0b.html]
[windexchange.energy.gov/projects/community-benefit-agreements66b5.html]
[windexchange.energy.gov/projects/community-benefit-agreementsf386.html]
[windexchange.energy.gov/projects/community-benefit-agreementsabd0.html]
[windexchange.energy.gov/projects/community-benefit-agreements9246.html]
[windexchange.energy.gov/projects/community-benefit-agreementsaaec.html]
[windexchange.energy.gov/projects/community-benefit-agreements3de9.html]
[windexchange.energy.gov/projects/community-benefit-agreements1a78.html]
[windexchange.energy.gov/projects/community-benefit-agreementsa46b.html]
[windexchange.energy.gov/projects/community-benefit-agreements142d.html]
[windexchange.energy.gov/projects/community-benefit-agreementsd77d.html]
[windexchange.energy.gov/projects/community-benefit-agreementsa2e2.html]
[windexchange.energy.gov/projects/community-benefit-agreementsbe46.html]
[windexchange.energy.gov/projects/community-benefit-agreements0160.html]
[windexchange.energy.gov/projects/community-benefit-agreementsf882.html]
[windexchange.energy.gov/projects/community-benefit-agreements7e46.html]
[windexchange.energy.gov/projects/community-benefit-agreements889a.html]
[windexchange.energy.gov/projects/community-benefit-agreements8431.html]
[windexchange.energy.gov/projects/community-benefit-agreements024a.html]
[windexchange.energy.gov/projects/community-benefit-agreements7845.html]
[windexchange.energy.gov/projects/community-benefit-agreements4893.html]
[windexchange.energy.gov/projects/community-benefit-agreementsa9e4.html]
[windexchange.energy.gov/projects/community-benefit-agreementsa916.html]
[windexchange.energy.gov/projects/community-benefit-agreements0d7d.html]
[windexchange.energy.gov/projects/community-benefit-agreements0ce1.html]
[windexchange.energy.gov/projects/community-benefit-agreementsaddf.html]
[windexchange.energy.gov/projects/community-benefit-agreements405e.html]
[windexchange.energy.gov/projects/community-benefit-agreements474f.html]
[windexchange.energy.gov/projects/community-benefit-agreements5a9d.html]
[windexchange.energy.gov/projects/community-benefit-agreementscc70.html]
[windexchange.energy.gov/projects/community-benefit-agreements172d.html]
[windexchange.energy.gov/projects/community-benefit-agreements45ff.html]
[windexchange.energy.gov/projects/community-benefit-agreementsf373.html]
[windexchange.energy.gov/projects/community-benefit-agreements6ef8.html]
[windexchange.energy.gov/projects/community-benefit-agreements33c1.html]
[windexchange.energy.gov/projects/community-benefit-agreements639a.html]
[windexchange.energy.gov/projects/community-benefit-agreements6f30.html]
[windexchange.energy.gov/projects/community-benefit-agreementsdbff.html]
[windexchange.energy.gov/projects/community-benefit-agreements4f24.html]
[windexchange.energy.gov/projects/community-benefit-agreements25b7.html]
[windexchange.energy.gov/projects/community-benefit-agreements81ce.html]
[windexchange.energy.gov/projects/community-benefit-agreements4996.html]
[windexchange.energy.gov/projects/community-benefit-agreementsc890.html]
[windexchange.energy.gov/projects/community-benefit-agreements80ce.html]
[windexchange.energy.gov/projects/community-benefit-agreements6752.html]
[windexchange.energy.gov/projects/community-benefit-agreementsbfed.html]
[windexchange.energy.gov/projects/community-benefit-agreements6314.html]
[windexchange.energy.gov/projects/community-benefit-agreementsc414.html]
[windexchange.energy.gov/projects/community-benefit-agreementsffd7.html]
[windexchange.energy.gov/projects/community-benefit-agreements9322.html]
[windexchange.energy.gov/projects/community-benefit-agreements0c33.html]
[windexchange.energy.gov/projects/community-benefit-agreementsec14.html]
[windexchange.energy.gov/projects/community-benefit-agreements7a15.html]
[windexchange.energy.gov/projects/community-benefit-agreementsaeb3.html]
[windexchange.energy.gov/projects/community-benefit-agreements08cc.html]
[windexchange.energy.gov/projects/community-benefit-agreementsf0b8.html]
[windexchange.energy.gov/projects/community-benefit-agreementsb4ec.html]
[windexchange.energy.gov/projects/community-benefit-agreements3819.html]
[windexchange.energy.gov/projects/community-benefit-agreements66de.html]
[windexchange.energy.gov/projects/community-benefit-agreementsaacd.html]
[windexchange.energy.gov/projects/community-benefit-agreements8fd1.html]
[windexchange.energy.gov/projects/community-benefit-agreements08c4.html]
[windexchange.energy.gov/projects/community-benefit-agreementscd54.html]
[windexchange.energy.gov/projects/community-benefit-agreementsbad4.html]
[windexchange.energy.gov/projects/community-benefit-agreementsaa6c.html]
[windexchange.energy.gov/projects/community-benefit-agreementse144.html]
[windexchange.energy.gov/projects/community-benefit-agreements3b44.html]
[windexchange.energy.gov/projects/community-benefit-agreements2fee.html]
[windexchange.energy.gov/projects/community-benefit-agreements2594.html]
[windexchange.energy.gov/projects/community-benefit-agreements3355.html]
[windexchange.energy.gov/projects/community-benefit-agreements01c2.html]
[windexchange.energy.gov/projects/community-benefit-agreements0d8d.html]
[windexchange.energy.gov/projects/community-benefit-agreementse813.html]
[windexchange.energy.gov/projects/community-benefit-agreementsbfae.html]
[windexchange.energy.gov/projects/community-benefit-agreementse2c6.html]
[windexchange.energy.gov/projects/community-benefit-agreementsfa2c.html]
[windexchange.energy.gov/projects/community-benefit-agreements67b1.html]
[windexchange.energy.gov/projects/community-benefit-agreementsd9d5.html]
[windexchange.energy.gov/projects/community-benefit-agreements7bb7.html]
[windexchange.energy.gov/projects/community-benefit-agreementsc64b.html]
[windexchange.energy.gov/projects/community-benefit-agreements6d6f.html]
[windexchange.energy.gov/projects/community-benefit-agreements59f5.html]
[windexchange.energy.gov/projects/community-benefit-agreements30c4.html]
[windexchange.energy.gov/projects/community-benefit-agreements6bdd.html]
[windexchange.energy.gov/projects/community-benefit-agreements8955.html]
[windexchange.energy.gov/projects/community-benefit-agreements0bca.html]
[windexchange.energy.gov/projects/community-benefit-agreements8bbb.html]
[windexchange.energy.gov/projects/community-benefit-agreements4d24.html]
[windexchange.energy.gov/projects/community-benefit-agreementsd780.html]
[windexchange.energy.gov/projects/community-benefit-agreements2b80.html]
[windexchange.energy.gov/projects/community-benefit-agreementsc8f0.html]
[windexchange.energy.gov/projects/community-benefit-agreementsd4e2.html]
[windexchange.energy.gov/projects/community-benefit-agreements5fac.html]
[windexchange.energy.gov/projects/community-benefit-agreements45df.html]
[windexchange.energy.gov/projects/community-benefit-agreements5022.html]
[windexchange.energy.gov/projects/community-benefit-agreements5ac8.html]
[windexchange.energy.gov/projects/community-benefit-agreements2ff6.html]
[windexchange.energy.gov/projects/community-benefit-agreementseaa0.html]
[windexchange.energy.gov/projects/community-benefit-agreements17da.html]
[windexchange.energy.gov/projects/community-benefit-agreementse2f2.html]
[windexchange.energy.gov/projects/community-benefit-agreementsbb31.html]
[windexchange.energy.gov/projects/community-benefit-agreementseba9.html]
[windexchange.energy.gov/projects/community-benefit-agreementsbd35.html]
[windexchange.energy.gov/projects/community-benefit-agreements18e7.html]
[windexchange.energy.gov/projects/community-benefit-agreements83f1.html]
[windexchange.energy.gov/projects/community-benefit-agreements11c7.html]
[windexchange.energy.gov/projects/community-benefit-agreements68d2.html]
[windexchange.energy.gov/projects/community-benefit-agreements6f4f.html]
[windexchange.energy.gov/projects/community-benefit-agreements0777.html]
[windexchange.energy.gov/projects/community-benefit-agreements87a4.html]
[windexchange.energy.gov/projects/community-benefit-agreements9777.html]
[windexchange.energy.gov/projects/community-benefit-agreements6a47.html]
[windexchange.energy.gov/projects/community-benefit-agreements6f4b.html]
[windexchange.energy.gov/projects/community-benefit-agreements6d5b.html]
[windexchange.energy.gov/projects/community-benefit-agreements7b19.html]
[windexchange.energy.gov/projects/community-benefit-agreements0af1.html]
[windexchange.energy.gov/projects/community-benefit-agreementsd49d.html]
[windexchange.energy.gov/projects/community-benefit-agreements4f44.html]
[windexchange.energy.gov/projects/community-benefit-agreements8dfb.html]
[windexchange.energy.gov/projects/community-benefit-agreementse4b9.html]
[windexchange.energy.gov/projects/community-benefit-agreements97b9.html]
[windexchange.energy.gov/projects/community-benefit-agreements2e23.html]
[windexchange.energy.gov/projects/community-benefit-agreements09cc.html]
[windexchange.energy.gov/projects/community-benefit-agreements3cb4.html]
[windexchange.energy.gov/projects/community-benefit-agreementsb8ba.html]
[windexchange.energy.gov/projects/community-benefit-agreements3ca1.html]
[windexchange.energy.gov/projects/community-benefit-agreementse71e.html]
[windexchange.energy.gov/projects/community-benefit-agreements1bbd.html]
[windexchange.energy.gov/projects/community-benefit-agreementsdd4a.html]
[windexchange.energy.gov/projects/community-benefit-agreements371d.html]
[windexchange.energy.gov/projects/community-benefit-agreements203c.html]
[windexchange.energy.gov/projects/community-benefit-agreements3ca5.html]
[windexchange.energy.gov/projects/community-benefit-agreements4d23.html]
[windexchange.energy.gov/projects/community-benefit-agreements1258.html]
[windexchange.energy.gov/projects/community-benefit-agreementsb4d1.html]
[windexchange.energy.gov/projects/community-benefit-agreements0445.html]
[windexchange.energy.gov/projects/community-benefit-agreements97d4.html]
[windexchange.energy.gov/projects/community-benefit-agreementsb4cd.html]
[windexchange.energy.gov/projects/community-benefit-agreementscd1a.html]
[windexchange.energy.gov/projects/community-benefit-agreementsc575.html]
[windexchange.energy.gov/projects/community-benefit-agreementsa9bc.html]
[windexchange.energy.gov/projects/community-benefit-agreements2e5f.html]
[windexchange.energy.gov/projects/community-benefit-agreements9c8a.html]
[windexchange.energy.gov/projects/community-benefit-agreements1434.html]
[windexchange.energy.gov/projects/community-benefit-agreements98dc.html]
[windexchange.energy.gov/projects/community-benefit-agreements0c98.html]
[windexchange.energy.gov/projects/community-benefit-agreements9421.html]
[windexchange.energy.gov/projects/community-benefit-agreements1398.html]
[windexchange.energy.gov/projects/community-benefit-agreements8aa8.html]
[windexchange.energy.gov/projects/community-benefit-agreements235c.html]
[windexchange.energy.gov/projects/community-benefit-agreementsb182.html]
[windexchange.energy.gov/projects/community-benefit-agreements4c30.html]
[windexchange.energy.gov/projects/community-benefit-agreements64d0.html]
[windexchange.energy.gov/projects/community-benefit-agreementsa6dd.html]
[windexchange.energy.gov/projects/community-benefit-agreementsdbc3.html]
[windexchange.energy.gov/projects/community-benefit-agreementsc0c1.html]
[windexchange.energy.gov/projects/community-benefit-agreementsf52a.html]
[windexchange.energy.gov/projects/community-benefit-agreements6825.html]
[windexchange.energy.gov/projects/community-benefit-agreements9e43.html]
[windexchange.energy.gov/projects/community-benefit-agreementsfdfa.html]
[windexchange.energy.gov/projects/community-benefit-agreements02b6.html]
[windexchange.energy.gov/projects/community-benefit-agreementsdc6c.html]
[windexchange.energy.gov/projects/community-benefit-agreements651a.html]
[windexchange.energy.gov/projects/community-benefit-agreements67d3.html]
[windexchange.energy.gov/projects/community-benefit-agreementse8ec.html]
[windexchange.energy.gov/projects/community-benefit-agreements0468.html]
[windexchange.energy.gov/projects/community-benefit-agreementsa262.html]
[windexchange.energy.gov/projects/community-benefit-agreements015d.html]
[windexchange.energy.gov/projects/community-benefit-agreementsc0fa.html]
[windexchange.energy.gov/projects/community-benefit-agreements0b08.html]
[windexchange.energy.gov/projects/community-benefit-agreements219f.html]
[windexchange.energy.gov/projects/community-benefit-agreements19d2.html]
[windexchange.energy.gov/projects/community-benefit-agreements2459.html]
[windexchange.energy.gov/projects/community-benefit-agreementse459.html]
[windexchange.energy.gov/projects/community-benefit-agreementse459.html]
